// Jest Snapshot v1, https://goo.gl/fbAQLP

exports[`Calculator should match the snapshot 1`] = `
<div>
  <div
    class="CalculatorSection"
  >
    <div
      class="CalcHeading"
    >
      <h2>
        Lets do some math!
      </h2>
    </div>
    <div
      class="CalcContainer"
    >
      <div
        class="calcInput"
      >
        <input
          id="input"
          type="text"
          value="0"
        />
      </div>
      <div
        class="CalcBodyContainer"
      >
        <div
          class="calcBodyleft"
        >
          <div
            class="LeftButtonContainer"
          >
            <button
              class="leftButtons"
              type="button"
            >
              AC
            </button>
            <button
              class="leftButtons"
              type="button"
            >
              +/-
            </button>
            <button
              class="leftButtons"
              type="button"
            >
              %
            </button>
             
            <button
              class="leftButtons"
              type="button"
            >
              7
            </button>
            <button
              class="leftButtons"
              type="button"
            >
              8
            </button>
            <button
              class="leftButtons"
              type="button"
            >
              9
            </button>
            <button
              class="leftButtons"
              type="button"
            >
              4
            </button>
            <button
              class="leftButtons"
              type="button"
            >
              5
            </button>
            <button
              class="leftButtons"
              type="button"
            >
              6
            </button>
            <button
              class="leftButtons"
              type="button"
            >
              1
            </button>
            <button
              class="leftButtons"
              type="button"
            >
              2
            </button>
            <button
              class="leftButtons"
              type="button"
            >
              3
            </button>
            <div
              class="FooterButtons"
            >
              <button
                class="zero FooterButtons"
                type="button"
              >
                0
              </button>
              <button
                class="fullstop FooterButtons"
                type="button"
              >
                .
              </button>
            </div>
          </div>
        </div>
        <div
          class="calcBodyright"
        >
          <div
            class="RightButtonContainer"
          >
            <button
              class="rightButtons"
              type="button"
            >
              รท
            </button>
            <button
              class="rightButtons"
              type="button"
            >
              ร
            </button>
            <button
              class="rightButtons"
              type="button"
            >
              -
            </button>
            <button
              class="rightButtons"
              type="button"
            >
              +
            </button>
            <button
              class="rightButtons"
              type="button"
            >
              =
            </button>
             
          </div>
        </div>
      </div>
    </div>
  </div>
</div>
`;
